[
  [
    "-push-notification.$domain=~github.com",
    [
      529833
    ]
  ],
  [
    "-push-notification/$domain=~github.com",
    [
      529834
    ]
  ],
  [
    "/accusmartwebpush-fire-push-public.js",
    [
      529835
    ]
  ],
  [
    "/al-fb-notification/assets/scripts/al-main-script.js",
    [
      529836
    ]
  ],
  [
    "/amp-user-notification-",
    [
      529837
    ]
  ],
  [
    "/amp-web-push-0.1.js",
    [
      529838
    ]
  ],
  [
    "/assets/www/notification.",
    [
      529839
    ]
  ],
  [
    "/build/push.js",
    [
      529840
    ]
  ],
  [
    "/checkPush.js",
    [
      529841
    ]
  ],
  [
    "/content/js/push.js",
    [
      529842
    ]
  ],
  [
    "/fcmPush.js",
    [
      529843
    ]
  ],
  [
    "/FeedifySW.js",
    [
      529844
    ]
  ],
  [
    "/flying_push.js",
    [
      529845
    ]
  ],
  [
    "/ilabspush.min.js",
    [
      529846
    ]
  ],
  [
    "/inpl.webpush.js",
    [
      529847
    ]
  ],
  [
    "/jquery-notification.js",
    [
      529848
    ]
  ],
  [
    "/jsb/pushnotifications?",
    [
      529849
    ]
  ],
  [
    "/list_notificaciones.php",
    [
      529850
    ]
  ],
  [
    "/maximizly-push.js",
    [
      529851
    ]
  ],
  [
    "/modules/notifications.$domain=~forum.vivaldi.net|~pasty.lus.pm",
    [
      529852
    ]
  ],
  [
    "/mp-web-notification.js",
    [
      529853
    ]
  ],
  [
    "/notification-prod-sw.js",
    [
      529854
    ]
  ],
  [
    "/notification-sw.js",
    [
      529855
    ]
  ],
  [
    "/notification/notify.js",
    [
      529856
    ]
  ],
  [
    "/notifyme.js",
    [
      529857
    ]
  ],
  [
    "/notifyme.min.js",
    [
      529858
    ]
  ],
  [
    "/one-signal.js",
    [
      529859
    ]
  ],
  [
    "/one-signal.min.js",
    [
      529860
    ]
  ],
  [
    "/onesignal.js",
    [
      529861
    ]
  ],
  [
    "/onesignal.min.",
    [
      529862
    ]
  ],
  [
    "/onesignal/manifest.",
    [
      529863
    ]
  ],
  [
    "/onesignalfix.js",
    [
      529864
    ]
  ],
  [
    "/OneSignalSDKUpdaterWorker.js",
    [
      529865
    ]
  ],
  [
    "/OneSignalSDKWorker.js",
    [
      529866
    ]
  ],
  [
    "/perfecty-push-sdk.min.js",
    [
      529867
    ]
  ],
  [
    "/plugins/tfnotifier-wp/swloader.php",
    [
      529868
    ]
  ],
  [
    "/push-notification.js",
    [
      529869
    ]
  ],
  [
    "/push-notification.min.js",
    [
      529870
    ]
  ],
  [
    "/push-notification/*$domain=~upwork.com",
    [
      529871
    ]
  ],
  [
    "/push-notifications.$~stylesheet",
    [
      529872
    ]
  ],
  [
    "/push-notifications/*",
    [
      529873
    ]
  ],
  [
    "/push-notifications?",
    [
      529874
    ]
  ],
  [
    "/push-sw.js",
    [
      529875
    ]
  ],
  [
    "/push-worker-$script",
    [
      529876
    ]
  ],
  [
    "/push-wrap.js",
    [
      529877
    ]
  ],
  [
    "/push/sbscr.js",
    [
      529878
    ]
  ],
  [
    "/push/sbscrp.js",
    [
      529879
    ]
  ],
  [
    "/push/subscribe.js",
    [
      529880
    ]
  ],
  [
    "/push_app.js",
    [
      529881
    ]
  ],
  [
    "/push_notification.js",
    [
      529882
    ]
  ],
  [
    "/push_notification.min.js",
    [
      529883
    ]
  ],
  [
    "/push_notification/*",
    [
      529884
    ]
  ],
  [
    "/push_notifications.js",
    [
      529885
    ]
  ],
  [
    "/push_subscription.js",
    [
      529886
    ]
  ],
  [
    "/pushes/firebase.js",
    [
      529887
    ]
  ],
  [
    "/pushes/notification.js",
    [
      529888
    ]
  ],
  [
    "/PushexSDK.js",
    [
      529889
    ]
  ],
  [
    "/pushly-sdk.min.js",
    [
      529890
    ]
  ],
  [
    "/pushNotification.js",
    [
      529891
    ]
  ],
  [
    "/pushNotifications.js",
    [
      529892
    ]
  ],
  [
    "/pushnotifications/*",
    [
      529893
    ]
  ],
  [
    "/pushNotificationSdkJS.js",
    [
      529894
    ]
  ],
  [
    "/pushpro-lib.js",
    [
      529895
    ]
  ],
  [
    "/pushsubscribe.js",
    [
      529896
    ]
  ],
  [
    "/pushup-notification/push-app.js",
    [
      529897
    ]
  ],
  [
    "/pushup-notification/push-messaging.js",
    [
      529898
    ]
  ],
  [
    "/pushv2.js",
    [
      529899
    ]
  ],
  [
    "/pushwoosh-service-worker.js",
    [
      529900
    ]
  ],
  [
    "/pushwoosh-web-notifications.js",
    [
      529901
    ]
  ],
  [
    "/pushwoosh-web-pushes-http-sdk.js",
    [
      529902
    ]
  ],
  [
    "/pushy-ver.js",
    [
      529903
    ]
  ],
  [
    "/scripts/onesignal.js",
    [
      529904
    ]
  ],
  [
    "/site-notification-desk.min.js",
    [
      529905
    ]
  ],
  [
    "/smio-push-notification/js/frontend_webpush.js",
    [
      529906
    ]
  ],
  [
    "/subscribe-push-notifications.js",
    [
      529907
    ]
  ],
  [
    "/web-push-notifications.js",
    [
      529908
    ]
  ],
  [
    "/web-push.js",
    [
      529909
    ]
  ],
  [
    "/web-push/init.min.js",
    [
      529910
    ]
  ],
  [
    "/webalert-notification.js",
    [
      529911
    ]
  ],
  [
    "/webnotf.js",
    [
      529912
    ]
  ],
  [
    "/webnotification.js",
    [
      529913
    ]
  ],
  [
    "/webpush-production.js",
    [
      529914
    ]
  ],
  [
    "/webpush.js",
    [
      529915
    ]
  ],
  [
    "/webpush.min.js",
    [
      529916
    ]
  ],
  [
    "/webpush_register.php",
    [
      529917
    ]
  ],
  [
    "/webPushNotifications.js",
    [
      529918
    ]
  ],
  [
    "/wonderpush-loader.min.js",
    [
      529919
    ]
  ],
  [
    "/wonderpush.js",
    [
      529920
    ]
  ],
  [
    "/wonderpush.min.js",
    [
      529921
    ]
  ],
  [
    "/wordpress-fire-push-public.js",
    [
      529922
    ]
  ],
  [
    "/wp-notification-bars-public.js",
    [
      529923
    ]
  ],
  [
    "/app-banner/*$xmlhttprequest",
    [
      529924
    ]
  ],
  [
    "/jquery.androidbanner.js",
    [
      529925
    ]
  ],
  [
    "/js-mobile-*/header_$script",
    [
      529926
    ]
  ],
  [
    "/js/jquery.smartbanner.js|",
    [
      529927
    ]
  ],
  [
    "/js/jquery.smartbanner.min.js|",
    [
      529928
    ]
  ],
  [
    "/mobile-welcome-overlay/*$script",
    [
      529929
    ]
  ],
  [
    "/smart-app-banner.js",
    [
      529930
    ]
  ],
  [
    "||api-push.com^$third-party",
    [
      529931
    ]
  ],
  [
    "||azureedge.net/js/cookie_notificacao.min.js",
    [
      529932
    ]
  ],
  [
    "||bildirnet.com^$third-party",
    [
      529933
    ]
  ],
  [
    "||braze.com^$third-party",
    [
      529934
    ]
  ],
  [
    "||cappushino.com^$third-party",
    [
      529935
    ]
  ],
  [
    "||cdn.qgr.ph^$third-party",
    [
      529936
    ]
  ],
  [
    "||cdn.qgraph.io^$third-party",
    [
      529937
    ]
  ],
  [
    "||centrnotify.com^$third-party",
    [
      529938
    ]
  ],
  [
    "||checke.biz^$third-party",
    [
      529939
    ]
  ],
  [
    "||confirmit.com^$third-party",
    [
      529940
    ]
  ],
  [
    "||conforama-push.com^$third-party",
    [
      529941
    ]
  ],
  [
    "||contentsitesrv.com/js/push/$third-party",
    [
      529942
    ]
  ],
  [
    "||css.xjsx.lol^$third-party",
    [
      529943
    ]
  ],
  [
    "||digipush.io^$third-party",
    [
      529944
    ]
  ],
  [
    "||dpns-notifications.com^$third-party",
    [
      529945
    ]
  ],
  [
    "||easyfeeed.com^$third-party",
    [
      529946
    ]
  ],
  [
    "||evolok.net^$third-party",
    [
      529947
    ]
  ],
  [
    "||farteniuson.com^$third-party",
    [
      529948
    ]
  ],
  [
    "||getnotification.me^$third-party",
    [
      529949
    ]
  ],
  [
    "||irpush.com^$third-party",
    [
      529950
    ]
  ],
  [
    "||jubi.ai/buttonbot/$script,third-party",
    [
      529951
    ]
  ],
  [
    "||krakenoptimize.com^$third-party",
    [
      529952
    ]
  ],
  [
    "||luravius.com^$third-party",
    [
      529953
    ]
  ],
  [
    "||medallia.com^*/onsite/embed.js",
    [
      529954
    ]
  ],
  [
    "||neopush.io^$third-party",
    [
      529955
    ]
  ],
  [
    "||news2day.me^$third-party",
    [
      529956
    ]
  ],
  [
    "||notification-time.com^$third-party",
    [
      529957
    ]
  ],
  [
    "||notification.tubecup.net^",
    [
      529958
    ]
  ],
  [
    "||notifications.ltd^$third-party",
    [
      529959
    ]
  ],
  [
    "||notifikuj.cz^$third-party",
    [
      529960
    ]
  ],
  [
    "||notifstation.com^$third-party",
    [
      529961
    ]
  ],
  [
    "||notix.io^$third-party",
    [
      529962
    ]
  ],
  [
    "||ntvsw.com^$third-party",
    [
      529963
    ]
  ],
  [
    "||partishion.com^$third-party",
    [
      529964
    ]
  ],
  [
    "||pathlime.com^$third-party",
    [
      529965
    ]
  ],
  [
    "||popmechanic.ru^$third-party",
    [
      529966
    ]
  ],
  [
    "||propush.net^$third-party",
    [
      529967
    ]
  ],
  [
    "||pt.appirits.com^$third-party",
    [
      529968
    ]
  ],
  [
    "||puscomosca.com^$third-party",
    [
      529969
    ]
  ],
  [
    "||push-centr.com^$third-party",
    [
      529970
    ]
  ],
  [
    "||push-centr.net^$third-party",
    [
      529971
    ]
  ],
  [
    "||push-engage.com^$third-party",
    [
      529972
    ]
  ],
  [
    "||push-notifications.top^$third-party",
    [
      529973
    ]
  ],
  [
    "||push-pro.net^$third-party",
    [
      529974
    ]
  ],
  [
    "||push.asahiinteractive.com^",
    [
      529975
    ]
  ],
  [
    "||push.bytesignal.com^",
    [
      529976
    ]
  ],
  [
    "||push.daksham.in^$third-party",
    [
      529977
    ]
  ],
  [
    "||push.delivery.ethinking.de^",
    [
      529978
    ]
  ],
  [
    "||push.delivery^$third-party",
    [
      529979
    ]
  ],
  [
    "||push.esputnik.com^",
    [
      529980
    ]
  ],
  [
    "||push.getbeamer.com^",
    [
      529981
    ]
  ],
  [
    "||push.knd.ro^",
    [
      529982
    ]
  ],
  [
    "||push.newscraft.io^",
    [
      529983
    ]
  ],
  [
    "||push.reamaze.com^",
    [
      529984
    ]
  ],
  [
    "||push.rollout.io^$third-party",
    [
      529985
    ]
  ],
  [
    "||push.world^$third-party",
    [
      529986
    ]
  ],
  [
    "||pushaddict.com^$third-party",
    [
      529987
    ]
  ],
  [
    "||pushango.com^$third-party",
    [
      529988
    ]
  ],
  [
    "||pushassist.com^$third-party",
    [
      529989
    ]
  ],
  [
    "||pushaya.com^$third-party",
    [
      529990
    ]
  ],
  [
    "||pushbaza.com^$third-party",
    [
      529991
    ]
  ],
  [
    "||pushbots.com^$third-party",
    [
      529992
    ]
  ],
  [
    "||pushbox.info^$third-party",
    [
      529993
    ]
  ],
  [
    "||pushcentr.com^$third-party",
    [
      529994
    ]
  ],
  [
    "||pushchev.info^$third-party",
    [
      529995
    ]
  ],
  [
    "||pushcrew.com^$third-party",
    [
      529996
    ]
  ],
  [
    "||pushdealer.com^$third-party",
    [
      529997
    ]
  ],
  [
    "||pushe.co^$third-party",
    [
      529998
    ]
  ],
  [
    "||pusherapp.com^$third-party",
    [
      529999
    ]
  ],
  [
    "||pushinpage.com^$third-party",
    [
      530000
    ]
  ],
  [
    "||pushinstruments.com^$third-party",
    [
      530001
    ]
  ],
  [
    "||pushio.com^$third-party",
    [
      530002
    ]
  ],
  [
    "||pushjunky.com^$third-party",
    [
      530003
    ]
  ],
  [
    "||pushkahouse.com^$third-party",
    [
      530004
    ]
  ],
  [
    "||pushkaplus.com^$third-party",
    [
      530005
    ]
  ],
  [
    "||pushloop.io^$third-party",
    [
      530006
    ]
  ],
  [
    "||pushly.com^$third-party",
    [
      530007
    ]
  ],
  [
    "||pushmaster-cdn.xyz^$third-party",
    [
      530008
    ]
  ],
  [
    "||pushmejs.com^$third-party",
    [
      530009
    ]
  ],
  [
    "||pushnews.eu^$third-party",
    [
      530010
    ]
  ],
  [
    "||pushnotifications.click^$third-party",
    [
      530011
    ]
  ],
  [
    "||pushouse.com^$third-party",
    [
      530012
    ]
  ],
  [
    "||pushowl.com^$third-party",
    [
      530013
    ]
  ],
  [
    "||pushpad.xyz^$third-party",
    [
      530014
    ]
  ],
  [
    "||pushpanda.io^$third-party",
    [
      530015
    ]
  ],
  [
    "||pushpro.io^$third-party",
    [
      530016
    ]
  ],
  [
    "||pushprofit.ru^$third-party",
    [
      530017
    ]
  ],
  [
    "||pushprospush.com^$third-party",
    [
      530018
    ]
  ],
  [
    "||pushpushgo.com^$third-party",
    [
      530019
    ]
  ],
  [
    "||pushstack.it^$third-party",
    [
      530020
    ]
  ],
  [
    "||pushtide.com^$third-party",
    [
      530021
    ]
  ],
  [
    "||pushvip.ru^$third-party",
    [
      530022
    ]
  ],
  [
    "||pushwhy.com^$third-party",
    [
      530023
    ]
  ],
  [
    "||pushy.ai^$third-party",
    [
      530024
    ]
  ],
  [
    "||quarepush.com^$third-party",
    [
      530025
    ]
  ],
  [
    "||quaruzon.com^$third-party",
    [
      530026
    ]
  ],
  [
    "||qushad.com^$third-party",
    [
      530027
    ]
  ],
  [
    "||realpush.media^$third-party",
    [
      530028
    ]
  ],
  [
    "||realpush.network^$third-party",
    [
      530029
    ]
  ],
  [
    "||revpusher.com^$third-party",
    [
      530030
    ]
  ],
  [
    "||sckxppzdm.com^$third-party",
    [
      530031
    ]
  ],
  [
    "||signaly.co^$third-party",
    [
      530032
    ]
  ],
  [
    "||snrcdn.net^$third-party",
    [
      530033
    ]
  ],
  [
    "||spacepush.ru^$third-party",
    [
      530034
    ]
  ],
  [
    "||system-notify.app^$third-party",
    [
      530035
    ]
  ],
  [
    "||ternairsoftware.com/publicwebpush/",
    [
      530036
    ]
  ],
  [
    "||topswp.com^$third-party",
    [
      530037
    ]
  ],
  [
    "||unative.com^$third-party",
    [
      530038
    ]
  ],
  [
    "||viafoura.net/push_handlers.js",
    [
      530039
    ]
  ],
  [
    "||virtualpushplatform.com^$third-party",
    [
      530040
    ]
  ],
  [
    "||webpush.jp^$third-party",
    [
      530041
    ]
  ],
  [
    "||webpushr.com^$third-party",
    [
      530042
    ]
  ],
  [
    "||webpushs.com^$third-party",
    [
      530043
    ]
  ],
  [
    "||whitepush.biz^$third-party",
    [
      530044
    ]
  ],
  [
    "||worldpush.co^$third-party",
    [
      530045
    ]
  ],
  [
    "||wps.relateddigital.com^$third-party",
    [
      530046
    ]
  ],
  [
    "||wpush.biz^$third-party",
    [
      530047
    ]
  ],
  [
    "||wpushsdk.com^$third-party",
    [
      530048
    ]
  ],
  [
    "||xedo.me^$third-party",
    [
      530049
    ]
  ],
  [
    "||youlead.pl/webpushprompt.js",
    [
      530050
    ]
  ],
  [
    "||accengage.net^$third-party",
    [
      530051
    ]
  ],
  [
    "||actirinius.com^$third-party",
    [
      530052
    ]
  ],
  [
    "||aimtell.com^$third-party",
    [
      530053
    ]
  ],
  [
    "||alertme.news^$third-party",
    [
      530054
    ]
  ],
  [
    "||amazonaws.com/cdn.aimtell.com/",
    [
      530055
    ]
  ],
  [
    "||aswpsdkeu.com^$third-party",
    [
      530056
    ]
  ],
  [
    "||aswpsdkus.com^$third-party",
    [
      530057
    ]
  ],
  [
    "||bildirt.com^$third-party",
    [
      530058
    ]
  ],
  [
    "||bosspush.com^$third-party",
    [
      530059
    ]
  ],
  [
    "||browserpusher.com^$third-party",
    [
      530060
    ]
  ],
  [
    "||cdn-sitegainer.com^$third-party",
    [
      530061
    ]
  ],
  [
    "||cleverpush.com^$third-party",
    [
      530062
    ]
  ],
  [
    "||copush.com^$third-party",
    [
      530063
    ]
  ],
  [
    "||cracataum.com^$third-party",
    [
      530064
    ]
  ],
  [
    "||danorenius.com^$third-party",
    [
      530065
    ]
  ],
  [
    "||digitalpush.org^$third-party",
    [
      530066
    ]
  ],
  [
    "||edrone.me^$third-party",
    [
      530067
    ]
  ],
  [
    "||face-push.com^$third-party",
    [
      530068
    ]
  ],
  [
    "||feedify.net^$third-party",
    [
      530069
    ]
  ],
  [
    "||feraciumus.com^$third-party",
    [
      530070
    ]
  ],
  [
    "||fernomius.com^$third-party",
    [
      530071
    ]
  ],
  [
    "||fkondate.com^$third-party",
    [
      530072
    ]
  ],
  [
    "||foxpush.com^$third-party",
    [
      530073
    ]
  ],
  [
    "||foxpush.net^$third-party",
    [
      530074
    ]
  ],
  [
    "||getback.ch^$third-party",
    [
      530075
    ]
  ],
  [
    "||getpush.net^$third-party",
    [
      530076
    ]
  ],
  [
    "||getpushmonkey.com^$third-party",
    [
      530077
    ]
  ],
  [
    "||gravitec.net^$third-party",
    [
      530078
    ]
  ],
  [
    "||heroesdom.com^$third-party",
    [
      530079
    ]
  ],
  [
    "||jeeng.com^$third-party",
    [
      530080
    ]
  ],
  [
    "||kattepush.com^$third-party",
    [
      530081
    ]
  ],
  [
    "||master-push.com^$third-party",
    [
      530082
    ]
  ],
  [
    "||master-push.net^$third-party",
    [
      530083
    ]
  ],
  [
    "||misrepush.com^$third-party",
    [
      530084
    ]
  ],
  [
    "||moengage.com^$third-party",
    [
      530085
    ]
  ],
  [
    "||mp3vizor.com^$third-party",
    [
      530086
    ]
  ],
  [
    "||najva.com^$third-party",
    [
      530087
    ]
  ],
  [
    "||nativesubscribe.pro^$third-party",
    [
      530088
    ]
  ],
  [
    "||notifadz.com^$third-party",
    [
      530089
    ]
  ],
  [
    "||notifpush.com^$third-party",
    [
      530090
    ]
  ],
  [
    "||notify.solutions^$third-party",
    [
      530091
    ]
  ],
  [
    "||olgtex.com^$third-party",
    [
      530092
    ]
  ],
  [
    "||on-push.com^$third-party",
    [
      530093
    ]
  ],
  [
    "||onepush.app^$third-party",
    [
      530094
    ]
  ],
  [
    "||provesrc.com^$third-party",
    [
      530095
    ]
  ],
  [
    "||psh.one^$third-party",
    [
      530096
    ]
  ],
  [
    "||push-ad.com^$third-party",
    [
      530097
    ]
  ],
  [
    "||push-free.com^$third-party",
    [
      530098
    ]
  ],
  [
    "||pushalert.co^$third-party",
    [
      530099
    ]
  ],
  [
    "||pushbird.com^$third-party",
    [
      530100
    ]
  ],
  [
    "||pushbullet.com^$third-party",
    [
      530101
    ]
  ],
  [
    "||pushengage.com^$third-party",
    [
      530102
    ]
  ],
  [
    "||pushex.io^$third-party",
    [
      530103
    ]
  ],
  [
    "||pushible.com^$third-party",
    [
      530104
    ]
  ],
  [
    "||pushify.com^$third-party",
    [
      530105
    ]
  ],
  [
    "||pushwoosh.com^$third-party",
    [
      530106
    ]
  ],
  [
    "||reprocautious.com^$third-party",
    [
      530107
    ]
  ],
  [
    "||sendpulse.com^$third-party",
    [
      530108
    ]
  ],
  [
    "||setrowid.com^$third-party",
    [
      530109
    ]
  ],
  [
    "||shroughtened.com^$third-party",
    [
      530110
    ]
  ],
  [
    "||sm-epsilon.com^$third-party",
    [
      530111
    ]
  ],
  [
    "||snd.tc^$third-party",
    [
      530112
    ]
  ],
  [
    "||subscribers.com^$third-party",
    [
      530113
    ]
  ],
  [
    "||truenat.bid^$third-party",
    [
      530114
    ]
  ],
  [
    "||truepush.com^$third-party",
    [
      530115
    ]
  ],
  [
    "||urbanairship.com^$third-party",
    [
      530116
    ]
  ],
  [
    "||viapush.com^$third-party",
    [
      530117
    ]
  ],
  [
    "||webpu.sh^$third-party",
    [
      530118
    ]
  ],
  [
    "||whiteclick.biz^$third-party",
    [
      530119
    ]
  ],
  [
    "||wnpbdan.bid^$third-party",
    [
      530120
    ]
  ],
  [
    "||wonderpush.com^$third-party",
    [
      530121
    ]
  ],
  [
    "||wwclicknews.club^$third-party",
    [
      530122
    ]
  ],
  [
    "||wwclicktm.club^$third-party",
    [
      530123
    ]
  ],
  [
    "||xtremepush.com^$third-party",
    [
      530124
    ]
  ],
  [
    "||app.adjust.net.in/smart_banner",
    [
      530125
    ]
  ],
  [
    "||mobi24.net^$third-party",
    [
      530126
    ]
  ],
  [
    "/firebase-messaging.js$script,domain=tribunnews.com",
    [
      530127
    ]
  ],
  [
    "||9to5terminal.com/push.js",
    [
      530128
    ]
  ],
  [
    "||abendpoint.com/dist/js/push.js",
    [
      530129
    ]
  ],
  [
    "||alerts.ndtv.com^",
    [
      530130
    ]
  ],
  [
    "||alerts.thedailystar.net^",
    [
      530131
    ]
  ],
  [
    "||alibaba.com/sw.js",
    [
      530132
    ]
  ],
  [
    "||annahar.com/assets/js/notifications.js",
    [
      530133
    ]
  ],
  [
    "||astian.org/?push_notification_sw",
    [
      530134
    ]
  ],
  [
    "||bdstatic.com/linksubmit/push.js",
    [
      530135
    ]
  ],
  [
    "||dailymail.co.uk/api/web-push-notification/",
    [
      530136
    ]
  ],
  [
    "||gadgetsnow.com/sw.cms",
    [
      530137
    ]
  ],
  [
    "||gstatic.com/firebasejs/$domain=joins.com|novayagazeta.eu|packaginginsights.com",
    [
      530138
    ]
  ],
  [
    "||hindustantimes.com/messaging-sw.js",
    [
      530139
    ]
  ],
  [
    "||hindustantimes.com/sw.js",
    [
      530140
    ]
  ],
  [
    "||hindustantimes.com^*/ht-notification-",
    [
      530141
    ]
  ],
  [
    "||hulkprod.anm.co.uk/api/web-push-notification/",
    [
      530142
    ]
  ],
  [
    "||imyfone.com/*/notification/$script",
    [
      530143
    ]
  ],
  [
    "||indiatimes.com/pn/",
    [
      530144
    ]
  ],
  [
    "||iol.co.za/sw.js",
    [
      530145
    ]
  ],
  [
    "||kogan.com/sw.js",
    [
      530146
    ]
  ],
  [
    "||latestdeals.co.uk/sw.js",
    [
      530147
    ]
  ],
  [
    "||msn.com/bundles/v1/homePage/latest/experiences_conditional-banner",
    [
      530148
    ]
  ],
  [
    "||ndtv.com/js/breaking_pushalert_revised.js",
    [
      530149
    ]
  ],
  [
    "||ndtv.com/sw.js",
    [
      530150
    ]
  ],
  [
    "||newsukraine.rbc.ua/sworker.js",
    [
      530151
    ]
  ],
  [
    "||nookazon.com/firebase-messaging-sw.js",
    [
      530152
    ]
  ],
  [
    "||phys.org/push-sw.js",
    [
      530153
    ]
  ],
  [
    "||push.cnnindonesia.com^",
    [
      530154
    ]
  ],
  [
    "||push.ictsd.org^",
    [
      530155
    ]
  ],
  [
    "||renaultsport.com/spip.php?page=sw.js",
    [
      530156
    ]
  ],
  [
    "||rottentomatoes.com/service-worker/sw.js",
    [
      530157
    ]
  ],
  [
    "||rt.com/homescreen-sw.js",
    [
      530158
    ]
  ],
  [
    "||sammobile.com/wp-content/plugins/sam-push-notifications/",
    [
      530159
    ]
  ],
  [
    "||scmp.com/sw.js",
    [
      530160
    ]
  ],
  [
    "||seattletimes.com/wp-content/plugins/st-user-messaging/$script",
    [
      530161
    ]
  ],
  [
    "||sportskeeda.com/js/production/web-notifications/",
    [
      530162
    ]
  ],
  [
    "||techwalla.com/push-service-worker.js",
    [
      530163
    ]
  ],
  [
    "||telegraphindia.com/akam-sw.js",
    [
      530164
    ]
  ],
  [
    "||timesnownews.com/sw.js",
    [
      530165
    ]
  ],
  [
    "||ultimedia.com/js/common/notification.js",
    [
      530166
    ]
  ],
  [
    "||weather.com/*.MedalliaSurvey.",
    [
      530167
    ]
  ],
  [
    "||0564.ua/assets/d6ade384/js/alertsWidget.js",
    [
      530168
    ]
  ],
  [
    "||ad-hoc-news.de/js/push.js",
    [
      530169
    ]
  ],
  [
    "||agazeta.com.br/assets/javascript/notification.js",
    [
      530170
    ]
  ],
  [
    "||cnnindonesia.com/sw.js",
    [
      530171
    ]
  ],
  [
    "||dcnews.ro/sm-",
    [
      530172
    ]
  ],
  [
    "||elpais.com.uy/utms.js",
    [
      530173
    ]
  ],
  [
    "||flashscore.fr^*/build/notifications.",
    [
      530174
    ]
  ],
  [
    "||futura-sciences.com/clientscript/push.js",
    [
      530175
    ]
  ],
  [
    "||horoscope.fr/notifications/",
    [
      530176
    ]
  ],
  [
    "||informazione.it/wr/promo-miainfo.js",
    [
      530177
    ]
  ],
  [
    "||metrobilbao.eus/firebase-messaging-sw.js",
    [
      530178
    ]
  ],
  [
    "||push.idowa.de^",
    [
      530179
    ]
  ],
  [
    "||push.neko-san.fr^",
    [
      530180
    ]
  ],
  [
    "||pushme.magellanotech.it^",
    [
      530181
    ]
  ],
  [
    "||tio.ch/js/api.push.js",
    [
      530182
    ]
  ],
  [
    "||tutto.tv/wp-content/plugins/plugin-notifiche-",
    [
      530183
    ]
  ],
  [
    "||uchubiz.com/wp-content/themes/uchubiz/assets/js/push.js",
    [
      530184
    ]
  ],
  [
    "||winnipegfreepress.com/firebase-messaging-sw.js",
    [
      530185
    ]
  ],
  [
    "||baby-calendar.jp/nazuke/img/app/header_",
    [
      530186
    ]
  ],
  [
    "||browser.geekbench.com/assets/ads/",
    [
      530187
    ]
  ],
  [
    "||static.chrono24.com/lib/generated/js/app-hint-layer.",
    [
      530188
    ]
  ],
  [
    "||tapcart.com/mobile-download-banner/banner-min.js",
    [
      530189
    ]
  ],
  [
    "@@||bostonherald.com^*/webpush.js$script,~third-party",
    [
      530190
    ]
  ],
  [
    "@@||braze.com/api/$domain=dairyqueen.com|deezer.com",
    [
      530191
    ]
  ],
  [
    "@@||forums.opera.com/assets/src/modules/notifications.js$~third-party",
    [
      530192
    ]
  ],
  [
    "@@||inevent.com/js/wizard/pushNotification.js$script,~third-party",
    [
      530193
    ]
  ],
  [
    "@@||learner.mycreds.ca/assets/js/modules/notifications.min.js$~third-party",
    [
      530194
    ]
  ],
  [
    "@@||ledevoir.com/js/web-push.js$script,~third-party",
    [
      530195
    ]
  ],
  [
    "@@||oakley.com^*/notifications.js$~third-party",
    [
      530196
    ]
  ],
  [
    "@@||paste.crdroid.net/assets/js/modules/notifications.js$script,~third-party",
    [
      530197
    ]
  ],
  [
    "@@||snrcdn.net/sdk/3.0/synerise-javascript-sdk.min.js$domain=komputronik.pl",
    [
      530198
    ]
  ],
  [
    "@@||st.mycdn.me/static/*/WebPush.js$script,domain=ok.ru",
    [
      530199
    ]
  ],
  [
    "@@||webpush.jp/js/browserpushv3.js$domain=zakzak.co.jp",
    [
      530200
    ]
  ],
  [
    "@@||anadolu.edu.tr/assets/js/jquery.smartbanner.js$~third-party",
    [
      530201
    ]
  ],
  [
    "@@||assure.ameli.fr^*/smart-app-banner.js$~third-party",
    [
      530202
    ]
  ],
  [
    "@@||mafia.ua/js/jquery.smartbanner.js$script,~third-party",
    [
      530203
    ]
  ],
  [
    "@@||mirage.ru/js/jquery.smartbanner.js$script,~third-party",
    [
      530204
    ]
  ]
]