[
  [
    "sleeknotestaticcontent.sleeknote.com",
    [
      1044318
    ]
  ],
  [
    "||js.driftt.com/include$script",
    [
      1044319
    ]
  ],
  [
    "||assets.ubembed.com/universal$script",
    [
      1044320
    ]
  ],
  [
    "||lightboxcdn.com/vendor$script",
    [
      1044321
    ]
  ],
  [
    "||mailocator.net/_/$script",
    [
      1044322
    ]
  ],
  [
    "cdn1.pdmntn.com",
    [
      1044323
    ]
  ],
  [
    "||static.mailerlite.com/js$script",
    [
      1044324
    ]
  ],
  [
    "||pmdstatic.net/bundle.php$script",
    [
      1044325
    ]
  ],
  [
    "||front.optimonk.com/public/$script",
    [
      1044326
    ]
  ],
  [
    "/wp-content/plugins/newsletter-leads",
    [
      1044327
    ]
  ],
  [
    "||downloads.mailchimp.com/js/signup-forms$script",
    [
      1044328
    ]
  ],
  [
    "||conduit.mailchimpapp.com/js/stores$script",
    [
      1044329
    ]
  ],
  [
    "||a.optmnstr.com/app/js/$script",
    [
      1044330
    ]
  ],
  [
    "||getsocial.io/client$script",
    [
      1044331
    ]
  ],
  [
    "||static.ctctcdn.com/js/signup-form-widget$script,domain=~centerforhealthsecurity.org",
    [
      1044332
    ]
  ],
  [
    "||cdn.justuno.com/mwgt$script",
    [
      1044333
    ]
  ],
  [
    "||a.mailmunch.co/app/$script",
    [
      1044334
    ]
  ],
  [
    "/newsletterPopup.js",
    [
      1044335
    ]
  ],
  [
    "/pmgnews/overlay/newsletter",
    [
      1044336
    ]
  ],
  [
    "||dotmailer-surveys.com/scripts/survey.js$script",
    [
      1044337
    ]
  ],
  [
    "||yieldify.com/yieldify/code.js$script",
    [
      1044338
    ]
  ],
  [
    "||widget.privy.com/assets/widget.js$script",
    [
      1044339
    ]
  ],
  [
    "sumo.b-cdn.net",
    [
      1044340
    ]
  ],
  [
    "||connect.nosto.com/include$script",
    [
      1044341
    ]
  ],
  [
    "||chimpstatic.com/mcjs-connected/js/users$script",
    [
      1044342
    ]
  ],
  [
    "||assets.pcrl.co/js/$script",
    [
      1044343
    ]
  ],
  [
    "/wp-content/plugins/email-subscribers/widget/es-widget-page.js",
    [
      1044344
    ]
  ],
  [
    "||youlead.pl/Scripts/Dynamic.js$script",
    [
      1044345
    ]
  ],
  [
    "||m8.mailplus.nl/genericservice$script",
    [
      1044346
    ]
  ],
  [
    "||restapi.mailplus.nl/integrationservice$script",
    [
      1044347
    ]
  ],
  [
    "||snrcdn.net/sdk/$script",
    [
      1044348
    ]
  ],
  [
    "||cdn.dynamicyield.com/api$script,domain=~haix.de|~bancofalabella.cl|~gymshark.com",
    [
      1044349
    ]
  ],
  [
    "||static.newsletter2go.com/utils.js$script",
    [
      1044350
    ]
  ],
  [
    "/widget/ecNewsletterPopup/*",
    [
      1044351
    ]
  ],
  [
    "||a.optmstr.com/app/js/$script",
    [
      1044352
    ]
  ],
  [
    "||api.autopilothq.com/anywhere/$script",
    [
      1044353
    ]
  ],
  [
    "||c.salecycle.com/osr/config$script",
    [
      1044354
    ]
  ],
  [
    "/wp-content/plugins/thrive-leads/*$domain=~itnator.net",
    [
      1044355
    ]
  ],
  [
    "/wp-content/plugins/bloom/*",
    [
      1044356
    ]
  ],
  [
    "||js.hsleadflows.net/leadflows.js$script",
    [
      1044357
    ]
  ],
  [
    "/clientlib-newsletter.js",
    [
      1044358
    ]
  ],
  [
    "||c.lytics.io/static/pathfora$script",
    [
      1044359
    ]
  ],
  [
    "email-signup-form-popup.js",
    [
      1044360
    ]
  ],
  [
    "||netpeak.cloud/source/js$script",
    [
      1044361
    ]
  ],
  [
    "||bunting.com/call$script",
    [
      1044362
    ]
  ],
  [
    "||cdn.connectif.cloud/cl1/client-script/$script",
    [
      1044363
    ]
  ],
  [
    "/essb-optin-booster.js",
    [
      1044364
    ]
  ],
  [
    "f.convertkit.com",
    [
      1044365
    ]
  ],
  [
    "api.morningcatch.net",
    [
      1044366
    ]
  ],
  [
    "||shopify.privy.com/widget.js$script",
    [
      1044367
    ]
  ],
  [
    "load.sumo.com",
    [
      1044368
    ]
  ],
  [
    "||cdn.listrakbi.com/scripts/script.js$script",
    [
      1044369
    ]
  ],
  [
    "/wp-content/plugins/dreamgrow-scroll-triggered-box/*",
    [
      1044370
    ]
  ],
  [
    "||d3bo67muzbfgtl.cloudfront.net/edrone$script",
    [
      1044371
    ]
  ],
  [
    "/newsletter_modals.min.",
    [
      1044372
    ]
  ],
  [
    "my.hellobar.com",
    [
      1044373
    ]
  ],
  [
    "||screenpopper.com/s-hub$script",
    [
      1044374
    ]
  ],
  [
    "||static.scarabresearch.com/wpjs$script",
    [
      1044375
    ]
  ],
  [
    "||cdn.swellrewards.com/loader$script",
    [
      1044376
    ]
  ],
  [
    "||lifterpopup.com/js/modal.js$script",
    [
      1044377
    ]
  ],
  [
    "||lpages.co/leadbox$script",
    [
      1044378
    ]
  ],
  [
    "||cdn.crall.io/t/client.js$script",
    [
      1044379
    ]
  ],
  [
    "||a.opmnstr.com/app/js/$script",
    [
      1044380
    ]
  ],
  [
    "||app2.salesmanago.pl/dynamic$script",
    [
      1044381
    ]
  ],
  [
    "||se.monetate.net/js/$script",
    [
      1044382
    ]
  ],
  [
    "||cdn.blueconic.net/hearst.js$script",
    [
      1044383
    ]
  ],
  [
    "/js/website/modal-newsletter~rc-module-newsletter",
    [
      1044384
    ]
  ],
  [
    "||cdn.omniconvert.com/js$script",
    [
      1044385
    ]
  ],
  [
    "||cdn.omniconvert.com/async/js$script",
    [
      1044386
    ]
  ],
  [
    "/frosmo.easy.js",
    [
      1044387
    ]
  ],
  [
    "||static-sb.com/js/sb-tracker.js$script",
    [
      1044388
    ]
  ],
  [
    "||mailmojo.no/sdk.js$script",
    [
      1044389
    ]
  ],
  [
    "/wp-content/popupally-pro-scripts",
    [
      1044390
    ]
  ],
  [
    "||media-inea.ipresso.pl/monitoridentification$script",
    [
      1044391
    ]
  ],
  [
    "/wp-content/plugins/mailoptin/*",
    [
      1044392
    ]
  ],
  [
    "||a.optnmnstr.com/app/js/$script",
    [
      1044393
    ]
  ],
  [
    "||static.popmechanic.ru/service/loader.js$script",
    [
      1044394
    ]
  ],
  [
    "static.zotabox.com",
    [
      1044395
    ]
  ],
  [
    "||marketbeat.com/scripts/modal/affiliatepopup.js$script",
    [
      1044396
    ]
  ],
  [
    "||widget.pico.tools/static/js/bundle.js$script",
    [
      1044397
    ]
  ],
  [
    "||powr.io/powr.js$script",
    [
      1044398
    ]
  ],
  [
    "/wp-content/plugins/layered-popups/*",
    [
      1044399
    ]
  ],
  [
    "/wp-content/plugins/mailchimp-for-wp/*",
    [
      1044400
    ]
  ],
  [
    "||bounceexchange.com/tag$script",
    [
      1044401
    ]
  ],
  [
    "tag.bounceexchange.com",
    [
      1044402
    ]
  ],
  [
    "||leadpages.net/leadboxes/current$script",
    [
      1044403
    ]
  ],
  [
    "||flodesk.com/universal$script",
    [
      1044404
    ]
  ],
  [
    "||activehosted.com/f/embed.php$script,domain=~renegade.global",
    [
      1044405
    ]
  ],
  [
    "/wp-content/plugins/99robots-optin-fire/*",
    [
      1044406
    ]
  ],
  [
    "||getresponse.com/view_webform$script",
    [
      1044407
    ]
  ],
  [
    "/gr-popups$script",
    [
      1044408
    ]
  ],
  [
    "||get.exitintel.com/load.js$script",
    [
      1044409
    ]
  ],
  [
    "/popup-by-supsystic/*",
    [
      1044410
    ]
  ],
  [
    "||cdn.jst.ai/mwgt$script",
    [
      1044411
    ]
  ],
  [
    "||milotree.com/container$script",
    [
      1044412
    ]
  ],
  [
    "/zaius-min.js",
    [
      1044413
    ]
  ],
  [
    "/wp-content/plugins/convertplug/*$~image",
    [
      1044414
    ]
  ],
  [
    "/wp-content/plugins/optin-monster/*",
    [
      1044415
    ]
  ],
  [
    ".wisepops.com/get-loader.js",
    [
      1044416
    ]
  ],
  [
    "api.exponea.com",
    [
      1044417
    ]
  ],
  [
    "/ouibounce.min.js",
    [
      1044418
    ]
  ],
  [
    "||bluecore.com/triggermail$script",
    [
      1044419
    ]
  ],
  [
    "||cloudiq.com/tag$script",
    [
      1044420
    ]
  ],
  [
    "||leadpages.net/leadbars/current/embed.js$script",
    [
      1044421
    ]
  ],
  [
    "||s.sloyalty.com/site_media$script",
    [
      1044422
    ]
  ],
  [
    "||klaviyo.com/onsite/js/vendors~signupForms$script",
    [
      1044423
    ]
  ],
  [
    "/vidstore-popups/assets/public/js/newsletter.min.js",
    [
      1044424
    ]
  ],
  [
    "||app-abd.marketo.com/js$script",
    [
      1044425
    ]
  ],
  [
    "||omappapi.com/app$script",
    [
      1044426
    ]
  ],
  [
    "tag.getdrip.com",
    [
      1044427
    ]
  ],
  [
    "||zoho.com/js/optin$script",
    [
      1044428
    ]
  ],
  [
    "/entries?content_type=staticContentBlock&fields.id=email-capture",
    [
      1044429
    ]
  ],
  [
    "||cloud-iq.com/cartrecovery/store.js$script",
    [
      1044430
    ]
  ],
  [
    "/axnewsletter.js",
    [
      1044431
    ]
  ],
  [
    "/wp-content/plugins/popupally",
    [
      1044432
    ]
  ],
  [
    "api.omappapi.com",
    [
      1044433
    ]
  ],
  [
    "/email-capture/email-capture-",
    [
      1044434
    ]
  ],
  [
    "||californiatimes.com/newsletter-campaign-manager$script",
    [
      1044435
    ]
  ],
  [
    "||quitsnap-blue.com/js/os_engine.js$script",
    [
      1044436
    ]
  ],
  [
    "/wp-content/plugins/convertpro/*",
    [
      1044437
    ]
  ],
  [
    "/wp-content/plugins/optin-revolution/*",
    [
      1044438
    ]
  ],
  [
    "||addthis.com/js/300/addthis_widget.js$script",
    [
      1044439
    ]
  ],
  [
    "api-cis.exponea.com",
    [
      1044440
    ]
  ],
  [
    "||api.traq.li/public/sdk$script",
    [
      1044441
    ]
  ],
  [
    "tracking.retargeting.biz",
    [
      1044442
    ]
  ],
  [
    "ping.contactpigeon.com",
    [
      1044443
    ]
  ],
  [
    "/newsletter-invite.js",
    [
      1044444
    ]
  ],
  [
    "/Action-Subscribe-2019.js",
    [
      1044445
    ]
  ],
  [
    "||convertbox.com/convertbox$script,third-party",
    [
      1044446
    ]
  ],
  [
    "||birdsend.co/assets/static/js/pixel/main.js$script",
    [
      1044447
    ]
  ],
  [
    "||hd.koloo.net/oo.js$script",
    [
      1044448
    ]
  ],
  [
    "||receiptful.com/scripts/shopify.js$script",
    [
      1044449
    ]
  ],
  [
    "t2.netsalesmedia.pl",
    [
      1044450
    ]
  ],
  [
    "content.govdelivery.com",
    [
      1044451
    ]
  ],
  [
    "api.pushnami.com",
    [
      1044452
    ]
  ],
  [
    "/js/deploy/syndicated-newsletter",
    [
      1044453
    ]
  ],
  [
    "||klaviyo.com/onsite/js/signup_forms$script,domain=~ufpro.com|~worldwidestereo.com|~salada.com",
    [
      1044454
    ]
  ],
  [
    "popup.popupsmart.com",
    [
      1044455
    ]
  ],
  [
    "/mol-fe-newsletter-popup/*",
    [
      1044456
    ]
  ],
  [
    "cdn.popt.in",
    [
      1044457
    ]
  ],
  [
    "||data.whizeo.com/widgets$script",
    [
      1044458
    ]
  ],
  [
    "||securedvisit.com/js/sv.js$script",
    [
      1044459
    ]
  ],
  [
    "||dev.visualwebsiteoptimizer.com/j.php$script",
    [
      1044460
    ]
  ],
  [
    "||convertkitqa.com/ckjs$script",
    [
      1044461
    ]
  ],
  [
    "||bounceexchange.com/assets/smart-tag$script",
    [
      1044462
    ]
  ],
  [
    "||adoric-om.com/adoric.js$script",
    [
      1044463
    ]
  ],
  [
    "/wp-content/plugins/woo-coupon-box/*",
    [
      1044464
    ]
  ],
  [
    "forms.convertkit.com",
    [
      1044465
    ]
  ],
  [
    "||convertkit.com/assets^$third-party",
    [
      1044466
    ]
  ],
  [
    "||sdks.automizely.com/conversions$script",
    [
      1044467
    ]
  ],
  [
    "cdn.attn.tv",
    [
      1044468
    ]
  ],
  [
    "||cdn.threadloom.com/ga$script",
    [
      1044469
    ]
  ],
  [
    "/js/website/modal-newsletter",
    [
      1044470
    ]
  ],
  [
    "/exponea.min.js",
    [
      1044471
    ]
  ],
  [
    "||newell.evergage.com/beacon$script",
    [
      1044472
    ]
  ],
  [
    "/evergage.min.js",
    [
      1044473
    ]
  ],
  [
    "/klaviyo_subscribe.js",
    [
      1044474
    ]
  ],
  [
    "||mailcampaigns.nl/interface/popup$script",
    [
      1044475
    ]
  ],
  [
    "/next-gen/dist/NewsletterPopup",
    [
      1044476
    ]
  ],
  [
    "forms.smsbump.com",
    [
      1044477
    ]
  ],
  [
    "/mod_motivatingcoupon/facebox/*",
    [
      1044478
    ]
  ],
  [
    "||static.redeal.se/widget/js/redeal.js$script",
    [
      1044479
    ]
  ],
  [
    "||cdn.optinly.net$third-party",
    [
      1044480
    ]
  ],
  [
    "/rg_smartpopup/*",
    [
      1044481
    ]
  ],
  [
    "/alert/email_subscribe/*",
    [
      1044482
    ]
  ],
  [
    "/arengu-newsletter.js",
    [
      1044483
    ]
  ],
  [
    "/popup-newsletter-$script",
    [
      1044484
    ]
  ],
  [
    "||assets.mailerlite.com^$script",
    [
      1044485
    ]
  ],
  [
    "/ps_emailsubscription.js",
    [
      1044486
    ]
  ],
  [
    "||embedded.wishpondpages.com$third-party,subdocument",
    [
      1044487
    ]
  ],
  [
    "/hs-web-interactive-$third-party,subdocument",
    [
      1044488
    ]
  ],
  [
    "/ht_newsletterpopup",
    [
      1044489
    ]
  ],
  [
    "/avada-popup.min.js",
    [
      1044490
    ]
  ],
  [
    "||connectif.cloud^$third-party",
    [
      1044491
    ]
  ],
  [
    "||tr.vitals.co^$third-party",
    [
      1044492
    ]
  ],
  [
    "||optimove.net^$third-party",
    [
      1044493
    ]
  ],
  [
    "||sail-horizon.com^$third-party",
    [
      1044494
    ]
  ],
  [
    "/assets/section-mailing-popup.",
    [
      1044495
    ]
  ],
  [
    "/kadence-conversions.",
    [
      1044496
    ]
  ],
  [
    "||postscript.io^$third-party",
    [
      1044497
    ]
  ],
  [
    "||getsitecontrol.com^$third-party",
    [
      1044498
    ]
  ],
  [
    "||retargeting.newsmanapp.com^$third-party",
    [
      1044499
    ]
  ],
  [
    "||themarketer.com^$third-party",
    [
      1044500
    ]
  ],
  [
    "/wp-content/plugins/mailpoet/*",
    [
      1044501
    ]
  ],
  [
    "||grow.me^$third-party",
    [
      1044502
    ]
  ],
  [
    "NotificationDisclaimerControl.js$domain=vontobel.com",
    [
      1044503
    ]
  ],
  [
    "list-builder.js$domain=wanderlust.co.uk",
    [
      1044504
    ]
  ],
  [
    "/amd_modules/newsletter-hover$domain=webmd.com",
    [
      1044505
    ]
  ],
  [
    "/politica-privacidade/lightbox$domain=toysrus.pt",
    [
      1044506
    ]
  ],
  [
    "/opentag-$domain=jet2.com",
    [
      1044507
    ]
  ],
  [
    "global-lightbox.js$domain=drschollsshoes.com",
    [
      1044508
    ]
  ],
  [
    "/wpp-popup-frontend.js$domain=globalvoices.org",
    [
      1044509
    ]
  ],
  [
    "/email.js$domain=tp-link.com",
    [
      1044510
    ]
  ],
  [
    "||ibt-mail.com/view_webform$script,domain=ibtimes.com",
    [
      1044511
    ]
  ],
  [
    "/lightboxform.js$domain=tips.net",
    [
      1044512
    ]
  ],
  [
    "/esm.js$domain=yamahamotorsports.com",
    [
      1044513
    ]
  ],
  [
    "/aiosp-jsonp.js$domain=kleren.com",
    [
      1044514
    ]
  ],
  [
    "/vol-modal/*$domain=thepaintstore.com",
    [
      1044515
    ]
  ],
  [
    "||imimg.com/js/reqForms.min.js$script,domain=indiamart.com",
    [
      1044516
    ]
  ],
  [
    "try.abtasty.com$domain=leparisien.fr",
    [
      1044517
    ]
  ],
  [
    "/Action-Subscribe$domain=naturalnews.com",
    [
      1044518
    ]
  ],
  [
    "/sharing/popover.js$domain=mymemory.co.uk",
    [
      1044519
    ]
  ],
  [
    "/popup/tsr$domain=superyachtnews.com",
    [
      1044520
    ]
  ],
  [
    "/simpleSignupManager.chunk.js$domain=manning.com",
    [
      1044521
    ]
  ],
  [
    "cdn-promote.weebly.com$domain=weebly.com",
    [
      1044522
    ]
  ],
  [
    "/acquisition-tag.js$domain=latribune.fr",
    [
      1044523
    ]
  ],
  [
    "/pharmapopin/*$domain=pharmasimple.com",
    [
      1044524
    ]
  ],
  [
    "/crm.js$domain=fujifilm-x.com",
    [
      1044525
    ]
  ],
  [
    "/sven_daspopup/*$domain=adler-farbenmeister.com",
    [
      1044526
    ]
  ],
  [
    "/PopupNewsletter/GetLayer$domain=yoox.com",
    [
      1044527
    ]
  ],
  [
    "/emailcollection/*$domain=motorsport.com",
    [
      1044528
    ]
  ],
  [
    "/popoverv2.js*$domain=britishcornershop.co.uk",
    [
      1044529
    ]
  ],
  [
    "/fp-web-flyout-widget.min.js^$domain=getfirepush.com",
    [
      1044530
    ]
  ],
  [
    "/tingle.$domain=arcade1up.com",
    [
      1044531
    ]
  ],
  [
    "||tinypass.com/api/tinypass.min.js^$domain=technologyreview.com",
    [
      1044532
    ]
  ],
  [
    "/SysConsentComponent.js$domain=netpeak.net",
    [
      1044533
    ]
  ],
  [
    "||safetyfirstaid.co.uk/ajx_newsletter",
    [
      1044534
    ]
  ],
  [
    "/uael-modal-popup.$domain=ackerwines.com",
    [
      1044535
    ]
  ],
  [
    "||cdn.p-n.io/pushly$script",
    [
      1044536
    ]
  ],
  [
    "||app3.emlgrid.com/static/sm.js$script",
    [
      1044537
    ]
  ],
  [
    "webpush-desktop.chunk.js",
    [
      1044538
    ]
  ],
  [
    "||push4site.com/Static/Script/$script",
    [
      1044539
    ]
  ],
  [
    "cdn.ghostmonitor.com",
    [
      1044540
    ]
  ],
  [
    "notify.hindustantimes.com",
    [
      1044541
    ]
  ],
  [
    "webpush.interia.pl",
    [
      1044542
    ]
  ],
  [
    ".izooto.com/scripts",
    [
      1044543
    ]
  ],
  [
    "js.pusher.com$domain=~itv.com|~lickd.co|~foliohd.com",
    [
      1044544
    ]
  ],
  [
    "||push-ad.com/integration.php$script",
    [
      1044545
    ]
  ],
  [
    "||cdn.pushassist.com/account/assets/$script",
    [
      1044546
    ]
  ],
  [
    "||gadgets.ndtv.com/static/desktop/js/notification_popup-min.js$script",
    [
      1044547
    ]
  ],
  [
    "pusherism.com",
    [
      1044548
    ]
  ],
  [
    "pushnest.com",
    [
      1044549
    ]
  ],
  [
    "||getpushmonkey.com/sdk/config$script",
    [
      1044550
    ]
  ],
  [
    "||cdn.onesignal.com/sdks$script",
    [
      1044551
    ]
  ],
  [
    "||pushpushgo.com/js$script",
    [
      1044552
    ]
  ],
  [
    "cdn.sendpulse.com$domain=~movie4k.eu",
    [
      1044553
    ]
  ],
  [
    "||salesmanago.pl/static/sm.js$script",
    [
      1044554
    ]
  ],
  [
    "cdn.pushcrew.com",
    [
      1044555
    ]
  ],
  [
    "/streamlined-push-plugin.production.min.js",
    [
      1044556
    ]
  ],
  [
    "app.push-ad.com",
    [
      1044557
    ]
  ],
  [
    "/pushnotification/service-worker-script.js",
    [
      1044558
    ]
  ],
  [
    "/sp-push-worker.js",
    [
      1044559
    ]
  ],
  [
    "95p5qep4aq.com",
    [
      1044560
    ]
  ],
  [
    "||snrcdn.net/sdk/$script",
    [
      1044561
    ]
  ],
  [
    "via.batch.com",
    [
      1044562
    ]
  ],
  [
    "||wonderpush.com/sdk/$script",
    [
      1044563
    ]
  ],
  [
    "clientcdn.pushengage.com",
    [
      1044564
    ]
  ],
  [
    "||web-sdk.urbanairship.com/notify/$script",
    [
      1044565
    ]
  ],
  [
    "api.sociaplus.com",
    [
      1044566
    ]
  ],
  [
    "/plugins/tmx-push/*",
    [
      1044567
    ]
  ],
  [
    "/firebase-messaging.js$domain=~dn.pt|~jn.pt",
    [
      1044568
    ]
  ],
  [
    "pushno.com",
    [
      1044569
    ]
  ],
  [
    "pushwhy.com",
    [
      1044570
    ]
  ],
  [
    "pushame.com",
    [
      1044571
    ]
  ],
  [
    "||voirfilms.ws/sw.js$script",
    [
      1044572
    ]
  ],
  [
    "||siteswithcontent.com/js/push$script",
    [
      1044573
    ]
  ],
  [
    "||cdn.moengage.com/webpush$script",
    [
      1044574
    ]
  ],
  [
    "||brandflow.net/static/general/push-init-code.js$script",
    [
      1044575
    ]
  ],
  [
    "||cleverpush.com/channel/loader$script",
    [
      1044576
    ]
  ],
  [
    "||static.getback.ch/clients$script",
    [
      1044577
    ]
  ],
  [
    "/PushNotifications.",
    [
      1044578
    ]
  ],
  [
    "cdn.pushowl.com",
    [
      1044579
    ]
  ],
  [
    "||accengage.net/pushweb/$script",
    [
      1044580
    ]
  ],
  [
    "||cdn.foxpush.net/sdk/foxpush_SDK$script",
    [
      1044581
    ]
  ],
  [
    "||js.appboycdn.com/web-sdk/$script",
    [
      1044582
    ]
  ],
  [
    "||cdn.taboola.com/libtrc/tmg-network/loader.js$script",
    [
      1044583
    ]
  ],
  [
    "/js/push_subscription.js",
    [
      1044584
    ]
  ],
  [
    "||pushwoosh.com/webpush$script",
    [
      1044585
    ]
  ],
  [
    "push_service-worker.js",
    [
      1044586
    ]
  ],
  [
    "0_ghpush_client.js",
    [
      1044587
    ]
  ],
  [
    "||pastoupt.com/ntfc.php$script",
    [
      1044588
    ]
  ],
  [
    "||pushsar.com/ntfc.php$script",
    [
      1044589
    ]
  ],
  [
    "sdk.jeeng.com",
    [
      1044590
    ]
  ],
  [
    "||d3bo67muzbfgtl.cloudfront.net/edrone$script",
    [
      1044591
    ]
  ],
  [
    "||admessage.support/system_domain.js$script",
    [
      1044592
    ]
  ],
  [
    "/push/js/sdk/insider-push-native-sdk.js",
    [
      1044593
    ]
  ],
  [
    "pharance.com",
    [
      1044594
    ]
  ],
  [
    "||pushance.com/ntfc.php$script",
    [
      1044595
    ]
  ],
  [
    "||tattepush.com/push.js$script",
    [
      1044596
    ]
  ],
  [
    ".contentsitesrv.com/js/push",
    [
      1044597
    ]
  ],
  [
    "||jattepush.com/push.js$script",
    [
      1044598
    ]
  ],
  [
    "||pushanert.com/ntfc.php$script",
    [
      1044599
    ]
  ],
  [
    "/web-push/init.min.js$domain=~finanzen.ch|~finanzen.net|~finanzen.at",
    [
      1044600
    ]
  ],
  [
    "||aimtell.com/trackpush/trackpush.min.js$script",
    [
      1044601
    ]
  ],
  [
    "||hmcfront.akamaized.net/hd/extra/assets/www/notification.$script",
    [
      1044602
    ]
  ],
  [
    "/webpush.js",
    [
      1044603
    ]
  ],
  [
    "||youlead.pl/ylwebpush.js$script",
    [
      1044604
    ]
  ],
  [
    "push.delivery.ethinking.de",
    [
      1044605
    ]
  ],
  [
    "/web-push.js",
    [
      1044606
    ]
  ],
  [
    "||freeclick.me/?pu=$script",
    [
      1044607
    ]
  ],
  [
    "||cdn.pushalert.co/integrate$script",
    [
      1044608
    ]
  ],
  [
    "||cdn.gravitec.net/storage$script",
    [
      1044609
    ]
  ],
  [
    ".izooto.com/optin",
    [
      1044610
    ]
  ],
  [
    "cdn.qgraph.io",
    [
      1044611
    ]
  ],
  [
    "sw.wpush.org",
    [
      1044612
    ]
  ],
  [
    "||cdn.pn.vg/c/ig/pushnews.min.js$script",
    [
      1044613
    ]
  ],
  [
    "||subscribers.com/assets/subscribers.js$script",
    [
      1044614
    ]
  ],
  [
    "/webpush-loader.js",
    [
      1044615
    ]
  ],
  [
    "app.wigzo.com",
    [
      1044616
    ]
  ],
  [
    "app.getbeamer.com",
    [
      1044617
    ]
  ],
  [
    "api.signalize.com",
    [
      1044618
    ]
  ],
  [
    "cdn.letreach.com",
    [
      1044619
    ]
  ],
  [
    "gg.faromen.online",
    [
      1044620
    ]
  ],
  [
    "/js/webpushr.app",
    [
      1044621
    ]
  ],
  [
    "||pushwoosh.com/json$script",
    [
      1044622
    ]
  ],
  [
    "||pushpushgo.com/scripts$script",
    [
      1044623
    ]
  ],
  [
    "||hrbpark.bid/pushJs$script",
    [
      1044624
    ]
  ],
  [
    "||webpushs.com/js/push$script",
    [
      1044625
    ]
  ],
  [
    "wwopenclick.space",
    [
      1044626
    ]
  ],
  [
    "iss.shopimind.com",
    [
      1044627
    ]
  ],
  [
    "||cdn.pn.vg/push$script",
    [
      1044628
    ]
  ],
  [
    "/webpush-production.js",
    [
      1044629
    ]
  ],
  [
    "cdn.notifyvisitors.com",
    [
      1044630
    ]
  ],
  [
    "||cdn.webpushr.com/app$script",
    [
      1044631
    ]
  ],
  [
    "t2.netsalesmedia.pl",
    [
      1044632
    ]
  ],
  [
    "api.pushnami.com",
    [
      1044633
    ]
  ],
  [
    "/OneSignalSDK",
    [
      1044634
    ]
  ],
  [
    "||aswpsdkus.com/notify$script",
    [
      1044635
    ]
  ],
  [
    "/web-push-notification.js",
    [
      1044636
    ]
  ],
  [
    "/nano-webpush-ui",
    [
      1044637
    ]
  ],
  [
    "cdn.pushmaster-cdn.xyz",
    [
      1044638
    ]
  ],
  [
    "cdn.netmera-web.com",
    [
      1044639
    ]
  ],
  [
    "/smio-push-notification/*",
    [
      1044640
    ]
  ],
  [
    "/BildirtSDKfiles.js",
    [
      1044641
    ]
  ],
  [
    "cdn.onepush.app",
    [
      1044642
    ]
  ],
  [
    "||truepush.com/sdk$script",
    [
      1044643
    ]
  ],
  [
    "||assets.emarsys.net/web-emarsys-sdk/*$script",
    [
      1044644
    ]
  ],
  [
    "||notifpush.com/scripts$script",
    [
      1044645
    ]
  ],
  [
    "||js.smct.io/*/notifications*$script",
    [
      1044646
    ]
  ],
  [
    "push/push*$script",
    [
      1044647
    ]
  ],
  [
    "||pushwoosh.com^",
    [
      1044648
    ]
  ],
  [
    "/pushnotifications^",
    [
      1044649
    ]
  ],
  [
    "||sendsay.ru/backend/push/*",
    [
      1044650
    ]
  ],
  [
    "/social_push_notifications/*",
    [
      1044651
    ]
  ],
  [
    "||pushpanda.io^$third-party",
    [
      1044652
    ]
  ],
  [
    "||potisni.me/js/enable-push.js$third-party",
    [
      1044653
    ]
  ],
  [
    "/_pushAllow.js",
    [
      1044654
    ]
  ],
  [
    "/clevertap.min.js",
    [
      1044655
    ]
  ],
  [
    "plugins/tfnotifier-wp/*",
    [
      1044656
    ]
  ],
  [
    "messaging/webpush*",
    [
      1044657
    ]
  ],
  [
    "/service-webpush-firebase.js",
    [
      1044658
    ]
  ],
  [
    "/js/push.js",
    [
      1044659
    ]
  ],
  [
    "/notification.*.js$domain=~qudosbank.com.au|~myhealth.va.gov|~costco.ca|~costco.com",
    [
      1044660
    ]
  ],
  [
    "@@||notification.dmm.co.jp$script",
    [
      1044661
    ]
  ],
  [
    "||notix.io^$third-party",
    [
      1044662
    ]
  ],
  [
    "||pushouse.com^$third-party",
    [
      1044663
    ]
  ],
  [
    "||yottlyscript.com/push/*",
    [
      1044664
    ]
  ],
  [
    "/wzrk_dialog.min.js",
    [
      1044665
    ]
  ],
  [
    "||gr-cdn-e.eu/*/push-notification^$script",
    [
      1044666
    ]
  ],
  [
    "||dengage.com^$third-party",
    [
      1044667
    ]
  ],
  [
    "||larapush.com^$third-party",
    [
      1044668
    ]
  ],
  [
    "/sw.js$domain=pinterest.com",
    [
      1044669
    ]
  ],
  [
    "/public/spartanien/js/sw_handler$domain=spartanien.de",
    [
      1044670
    ]
  ],
  [
    "/pushes/notification.js$domain=rt.com",
    [
      1044671
    ]
  ],
  [
    "/js/subscriber$domain=mitula.pt",
    [
      1044672
    ]
  ],
  [
    "/firebase.js$domain=alibaba.com",
    [
      1044673
    ]
  ],
  [
    "/sw.js$domain=1337x.is",
    [
      1044674
    ]
  ],
  [
    "/sw.js$domain=1337x.to",
    [
      1044675
    ]
  ],
  [
    "/push-main-min.js$domain=ndtv.com",
    [
      1044676
    ]
  ],
  [
    "/js/adNotice.js$domain=hardwarezone.com.sg",
    [
      1044677
    ]
  ],
  [
    "/push/*$domain=tut.by",
    [
      1044678
    ]
  ],
  [
    "/firebase.min.js$domain=azoresgetaways.com",
    [
      1044679
    ]
  ],
  [
    "/firebase.js$domain=tribunavalladolid.com",
    [
      1044680
    ]
  ],
  [
    "client-.js$domain=hoerbuch.us",
    [
      1044681
    ]
  ],
  [
    "/js/a.js$domain=allevents.in",
    [
      1044682
    ]
  ],
  [
    "notifi.min.js$domain=antyradio.pl",
    [
      1044683
    ]
  ],
  [
    "/app.js$domain=lightinthebox.com",
    [
      1044684
    ]
  ],
  [
    "/min/js/sw/*$domain=sputniknews.com",
    [
      1044685
    ]
  ],
  [
    "/clientt.js$domain=cript.to",
    [
      1044686
    ]
  ],
  [
    "wsNotification.js$domain=wondershare.com",
    [
      1044687
    ]
  ],
  [
    "||tags.tiqcdn.com/utag$script,domain=national-lottery.co.uk",
    [
      1044688
    ]
  ],
  [
    "/notification-topics.js^$domain=winnipegfreepress.com",
    [
      1044689
    ]
  ],
  [
    "nebula-cdn.kampyle.com",
    [
      1044690
    ]
  ],
  [
    "||turbo.qualaroo.com/c.js$script",
    [
      1044691
    ]
  ],
  [
    "||scripts.psyma.com/layer_question$script",
    [
      1044692
    ]
  ],
  [
    "w.usabilla.com",
    [
      1044693
    ]
  ],
  [
    "||static.hotjar.com/c/hotjar$script",
    [
      1044694
    ]
  ],
  [
    "||scripts.psyma.com/html/layer/json_question.php$script",
    [
      1044695
    ]
  ],
  [
    "||visualwebsiteoptimizer.com/va_survey$script",
    [
      1044696
    ]
  ],
  [
    "gateway.answerscloud.com",
    [
      1044697
    ]
  ],
  [
    "st.getsitecontrol.com",
    [
      1044698
    ]
  ],
  [
    "||survey.g.doubleclick.net/survey$script",
    [
      1044699
    ]
  ],
  [
    "/opiniac.js",
    [
      1044700
    ]
  ],
  [
    "||ssl.ceneo.pl/shops/$script",
    [
      1044701
    ]
  ],
  [
    "||cloud.netquest.sk/scripts/widget$script",
    [
      1044702
    ]
  ],
  [
    "||storage.googleapis.com/outfox/ocs/surveys/$script",
    [
      1044703
    ]
  ],
  [
    "||kameleoon.eu/kameleoon.js$script",
    [
      1044704
    ]
  ],
  [
    "||invitation.opinionbar.com/wit/popups$script",
    [
      1044705
    ]
  ],
  [
    "||neads.delivery/opinion-seed-embed.js$script",
    [
      1044706
    ]
  ],
  [
    "||collect.mopinion.com/assets/surveys/$script",
    [
      1044707
    ]
  ],
  [
    "/runtimejs/dist/survey/js/survey.js$domain=~alchemer.eu",
    [
      1044708
    ]
  ],
  [
    "||surveygizmobeacon.s3.amazonaws.com/beaconconfigs/$script",
    [
      1044709
    ]
  ],
  [
    "||cpx.smind.hr/Log/LogData$script",
    [
      1044710
    ]
  ],
  [
    "||widget.surveymonkey.com/collect$script,domain=~onboarding.italki.com",
    [
      1044711
    ]
  ],
  [
    "||cdn.feedbackify.com/f.js$script",
    [
      1044712
    ]
  ],
  [
    "||invitation.opinionbar.com/popups$script",
    [
      1044713
    ]
  ],
  [
    "/bundles/Scripts/OpinionLab.js",
    [
      1044714
    ]
  ],
  [
    "||survey.nuggad.net/c/layer-html$script",
    [
      1044715
    ]
  ],
  [
    "||ips-invite.iperceptions.com/invitations$script",
    [
      1044716
    ]
  ],
  [
    "/oo_engine.min.js",
    [
      1044717
    ]
  ],
  [
    "||userzoom.com/feedback$script",
    [
      1044718
    ]
  ],
  [
    "||invite.leanlab.co/invite/invite.js$script",
    [
      1044719
    ]
  ],
  [
    "||userreport.com/newsquest/launcher.js$script",
    [
      1044720
    ]
  ],
  [
    "siteintercept.qualtrics.com",
    [
      1044721
    ]
  ],
  [
    "||sandsiv.com/digi_runner.js?surveyId$script",
    [
      1044722
    ]
  ],
  [
    "||digitalfeedback.euro.confirmit.com/api$script",
    [
      1044723
    ]
  ],
  [
    "||taskanalytics.com/tm.js$script",
    [
      1044724
    ]
  ],
  [
    "popup.designtutkimus.fi",
    [
      1044725
    ]
  ],
  [
    "||guitaretab.com/static/js/hats$script",
    [
      1044726
    ]
  ],
  [
    "/v1/survey_invite.min.js",
    [
      1044727
    ]
  ],
  [
    "||app.alpheid.com/js/marketing_automation$script",
    [
      1044728
    ]
  ],
  [
    "||siteimproveanalytics.com/js/siteanalyze$script",
    [
      1044729
    ]
  ],
  [
    "||cdn.judge.me/shopify_v2.js$script",
    [
      1044730
    ]
  ],
  [
    "||static.yourcx.io/customers$script",
    [
      1044731
    ]
  ],
  [
    "||webankieta.pl/scripts/widget$script",
    [
      1044732
    ]
  ],
  [
    "popin.survey-xact.dk",
    [
      1044733
    ]
  ],
  [
    "||myaudience.de/sv/rifflejs.php$script",
    [
      1044734
    ]
  ],
  [
    "||survey.survicate.com/workspaces$script",
    [
      1044735
    ]
  ],
  [
    "||tryinteract.com/promotions/init.js$script",
    [
      1044736
    ]
  ],
  [
    "||scripts.psyma.com/scripts$script",
    [
      1044737
    ]
  ],
  [
    "||surveygizmo.eu/runtimejs/intercept$script",
    [
      1044738
    ]
  ],
  [
    "widgets.opinary.com",
    [
      1044739
    ]
  ],
  [
    "||uxfeedback.ru/widget.js$script",
    [
      1044740
    ]
  ],
  [
    "||e-satisfaction.com/dist/js/integration$script",
    [
      1044741
    ]
  ],
  [
    "||gateway.foresee.com$third-party",
    [
      1044742
    ]
  ],
  [
    "/vendor/opinionlab/*$domain=lenovo.com",
    [
      1044743
    ]
  ],
  [
    "survey.js$domain=medier24.no",
    [
      1044744
    ]
  ],
  [
    "/components-nps-survey$domain=spanishdict.com",
    [
      1044745
    ]
  ],
  [
    "ExitIntentModal.js$domain=stepstone.de",
    [
      1044746
    ]
  ],
  [
    "/surveys/*$domain=europa.eu",
    [
      1044747
    ]
  ],
  [
    "||visitor.reactful.com/dist/main$script",
    [
      1044748
    ]
  ],
  [
    "/popup/puppy.js$domain=sueddeutsche.de",
    [
      1044749
    ]
  ],
  [
    "||userreport.com/aperitif/launcher.js",
    [
      1044750
    ]
  ],
  [
    "||apps.veedio.it/js/videobox$script",
    [
      1044751
    ]
  ],
  [
    "/responsive-player/video-feature-sticky.js",
    [
      1044752
    ]
  ],
  [
    "||s-pt.ppstatic.pl/p/js/regionalne/plywajace_wideo.js$script",
    [
      1044753
    ]
  ],
  [
    "/js/compiled/atoms/article/sticky-video.js",
    [
      1044754
    ]
  ],
  [
    "||sdk.digitalbees.it/jssdk.js$script",
    [
      1044755
    ]
  ],
  [
    "||live.sekindo.com/live/liveView.php$script",
    [
      1044756
    ]
  ],
  [
    "||c.jsrdn.com/s/cs.js$script",
    [
      1044757
    ]
  ],
  [
    "||playwire.com/plugins/docky.min.js$script",
    [
      1044758
    ]
  ],
  [
    "||cdn.connatix.com/min/connatix.renderer.infeed.min.js$script",
    [
      1044759
    ]
  ],
  [
    "||ultimedia.com/api/widget/smart$script",
    [
      1044760
    ]
  ],
  [
    "||stream.playbuzz.com/embed/sdk.js$script",
    [
      1044761
    ]
  ],
  [
    "||delivery.youplay.se/load.js$script",
    [
      1044762
    ]
  ],
  [
    "embed.sendtonews.com",
    [
      1044763
    ]
  ],
  [
    "/wp-content/plugins/pmc-plugins/pmc-adm/*",
    [
      1044764
    ]
  ],
  [
    "||services.brid.tv/player$script",
    [
      1044765
    ]
  ],
  [
    "||mgid.com/js/wglibs/mgWidget$script",
    [
      1044766
    ]
  ],
  [
    "/stn-player.js$domain=titantv.com",
    [
      1044767
    ]
  ],
  [
    "||vplayer.enthusiastgaming.com/player/build/plugins/slideinview/*",
    [
      1044768
    ]
  ],
  [
    "/mol-adverts-delayed.js$domain=dailymail.co.uk",
    [
      1044769
    ]
  ],
  [
    "/twocol_article_autoplay/*$domain=belfasttelegraph.co.uk",
    [
      1044770
    ]
  ],
  [
    "players.brightcove.net$domain=uproxx.com",
    [
      1044771
    ]
  ],
  [
    "/coronaWidget5/*$domain=ibtimes.sg",
    [
      1044772
    ]
  ]
]